============================= test session starts ==============================
platform linux -- Python 3.14.5, pytest-9.1.1, pluggy-1.6.0 -- /tmp/reaper-venv/bin/python
cachedir: .pytest_cache
rootdir: /home/xil/dev/necromancer/worktrees/reaper-p2council-r2
configfile: pyproject.toml
testpaths: tests
plugins: socket-0.8.1, anyio-4.15.1
collecting ... collected 197 items / 15 deselected / 182 selected

tests/test_analysis.py::test_summarize_counts_statuses_and_successes PASSED [  0%]
tests/test_analysis.py::test_summarize_distinct_success_body_hashes PASSED [  1%]
tests/test_analysis.py::test_timing_distribution_shape PASSED            [  1%]
tests/test_analysis.py::test_confirm_race_flags_over_limit PASSED        [  2%]
tests/test_analysis.py::test_confirm_race_no_deviation_is_not_a_race PASSED [  2%]
tests/test_analysis.py::test_final_state_guard_suppresses_overwritten_win PASSED [  3%]
tests/test_analysis.py::test_final_state_verified_yields_high_confidence PASSED [  3%]
tests/test_analysis.py::test_unverified_surplus_is_medium_confidence_with_note PASSED [  4%]
tests/test_analysis.py::test_empty_baseline_defaults_expected_to_one PASSED [  4%]
tests/test_analysis.py::test_explicit_expected_max_successes_override PASSED [  5%]
tests/test_analysis.py::test_build_finding_from_confirmed_race PASSED    [  6%]
tests/test_analysis.py::test_build_finding_returns_none_when_no_race PASSED [  6%]
tests/test_analysis.py::test_build_finding_returns_none_when_guard_suppresses PASSED [  7%]
tests/test_autodelay.py::test_auto_delays_first_is_always_zero PASSED    [  7%]
tests/test_autodelay.py::test_auto_delays_distributes_evenly PASSED      [  8%]
tests/test_autodelay.py::test_auto_delays_two_requests_half_rtt PASSED   [  8%]
tests/test_autodelay.py::test_auto_delays_single_request_is_zero PASSED  [  9%]
tests/test_autodelay.py::test_auto_delays_all_within_one_rtt_window PASSED [  9%]
tests/test_autodelay.py::test_auto_delays_length_matches_count PASSED    [ 10%]
tests/test_autodelay.py::test_auto_delays_returns_ascending_sequence PASSED [ 10%]
tests/test_autodelay.py::test_auto_delays_rejects_zero_count PASSED      [ 11%]
tests/test_autodelay.py::test_auto_delays_rejects_negative_count PASSED  [ 12%]
tests/test_autodelay.py::test_auto_delays_tiny_rtt PASSED                [ 12%]
tests/test_autodelay.py::test_auto_delays_large_rtt PASSED               [ 13%]
tests/test_autodelay.py::test_cli_group_auto_delay_defaults_false PASSED [ 13%]
tests/test_autodelay.py::test_cli_group_auto_delay_flag_sets_true PASSED [ 14%]
tests/test_autodelay.py::test_cli_group_auto_delay_samples_override PASSED [ 14%]
tests/test_autodelay.py::test_cli_single_has_no_auto_delay PASSED        [ 15%]
tests/test_autodelay.py::test_run_group_scenario_auto_delay_replaces_manual_delays PASSED [ 15%]
tests/test_cli.py::TestBuildParser::test_returns_argument_parser PASSED  [ 16%]
tests/test_cli.py::TestBuildParser::test_version_flag_raises_system_exit PASSED [ 17%]
tests/test_cli.py::TestBuildParser::test_no_subcommand_does_not_crash_parse PASSED [ 17%]
tests/test_cli.py::TestBuildParser::test_single_required_args PASSED     [ 18%]
tests/test_cli.py::TestBuildParser::test_single_defaults PASSED          [ 18%]
tests/test_cli.py::TestBuildParser::test_single_optional_flags PASSED    [ 19%]
tests/test_cli.py::TestBuildParser::test_group_requires_group_file_or_state_chain PASSED [ 19%]
tests/test_cli.py::TestBuildParser::test_group_with_group_file PASSED    [ 20%]
tests/test_cli.py::TestBuildParser::test_group_with_state_chain PASSED   [ 20%]
tests/test_cli.py::TestBuildParser::test_group_auto_delay_default_false PASSED [ 21%]
tests/test_cli.py::TestBuildParser::test_detect_required_target PASSED   [ 21%]
tests/test_cli.py::TestBuildParser::test_detect_defaults PASSED          [ 22%]
tests/test_cli.py::TestBuildParser::test_detect_format_choices PASSED    [ 23%]
tests/test_cli.py::TestBuildParser::test_invalid_format_rejected PASSED  [ 23%]
tests/test_cli.py::TestBuildParser::test_invalid_transport_rejected PASSED [ 24%]
tests/test_cli.py::TestMainDispatch::test_no_subcommand_returns_2 PASSED [ 24%]
tests/test_cli.py::TestMainDispatch::test_single_dispatch_calls_runner PASSED [ 25%]
tests/test_cli.py::TestMainDispatch::test_single_returns_finding_exit_when_findings PASSED [ 25%]
tests/test_cli.py::TestMainDispatch::test_detect_dispatch_calls_run_detect PASSED [ 26%]
tests/test_cli.py::TestMainDispatch::test_detect_probe_copies_lt_2_returns_runtime PASSED [ 26%]
tests/test_cli.py::TestErrorHandling::test_single_out_of_scope_returns_runtime PASSED [ 27%]
tests/test_cli.py::TestErrorHandling::test_single_transport_error_returns_runtime PASSED [ 28%]
tests/test_cli.py::TestErrorHandling::test_single_oserror_returns_runtime PASSED [ 28%]
tests/test_cli.py::TestErrorHandling::test_group_out_of_scope_returns_runtime PASSED [ 29%]
tests/test_cli.py::TestErrorHandling::test_detect_out_of_scope_returns_runtime PASSED [ 29%]
tests/test_cli.py::TestErrorHandling::test_state_chain_too_few_files_returns_runtime PASSED [ 30%]
tests/test_cli.py::TestEmit::test_emit_json_no_findings PASSED           [ 30%]
tests/test_cli.py::TestEmit::test_emit_json_with_finding PASSED          [ 31%]
tests/test_cli.py::TestEmit::test_emit_text_prints_transport PASSED      [ 31%]
tests/test_cli.py::TestEmit::test_emit_text_no_analysis_is_graceful PASSED [ 32%]
tests/test_cli.py::TestEmit::test_emit_h1md_no_findings PASSED           [ 32%]
tests/test_cli.py::TestEmit::test_emit_sarif_produces_valid_json PASSED  [ 33%]
tests/test_detect.py::test_window_stats_basic PASSED                     [ 34%]
tests/test_detect.py::test_window_stats_none_for_single_sig PASSED       [ 34%]
tests/test_detect.py::test_window_stats_none_for_empty PASSED            [ 35%]
tests/test_detect.py::test_window_stats_two_sigs PASSED                  [ 35%]
tests/test_detect.py::test_window_stats_to_dict_keys PASSED              [ 36%]
tests/test_detect.py::test_hint_concurrent_tight_spread PASSED           [ 36%]
tests/test_detect.py::test_hint_serialized_large_spread PASSED           [ 37%]
tests/test_detect.py::test_hint_unknown_for_none PASSED                  [ 37%]
tests/test_detect.py::test_hint_boundary_is_concurrent PASSED            [ 38%]
tests/test_detect.py::test_probe_protocol_h2_https PASSED                [ 39%]
tests/test_detect.py::test_probe_protocol_h2c_http PASSED                [ 39%]
tests/test_detect.py::test_probe_protocol_h1 PASSED                      [ 40%]
tests/test_detect.py::test_recommendation_h2_concurrent PASSED           [ 40%]
tests/test_detect.py::test_recommendation_h2_serialized_includes_warning PASSED [ 41%]
tests/test_detect.py::test_recommendation_h1 PASSED                      [ 41%]
tests/test_detect.py::test_recommendation_no_window PASSED               [ 42%]
tests/test_detect.py::test_detect_result_to_dict_with_window PASSED      [ 42%]
tests/test_detect.py::test_detect_result_to_dict_no_window PASSED        [ 43%]
tests/test_detect.py::test_run_detect_h2_path PASSED                     [ 43%]
tests/test_detect.py::test_run_detect_h1_path PASSED                     [ 44%]
tests/test_detect.py::test_run_detect_probe_failure_still_returns_transport PASSED [ 45%]
tests/test_detect.py::test_run_detect_scope_blocks_out_of_scope PASSED   [ 45%]
tests/test_detect.py::test_cli_detect_defaults PASSED                    [ 46%]
tests/test_detect.py::test_cli_detect_json_format PASSED                 [ 46%]
tests/test_detect.py::test_cli_detect_probe_copies_override PASSED       [ 47%]
tests/test_detect.py::test_cli_detect_insecure_flag PASSED               [ 47%]
tests/test_detect.py::test_cli_detect_handler_rejects_probe_copies_1 PASSED [ 48%]
tests/test_detect.py::test_cli_detect_text_output PASSED                 [ 48%]
tests/test_detect.py::test_cli_detect_json_output PASSED                 [ 49%]
tests/test_engine.py::test_split_target_https_default_port PASSED        [ 50%]
tests/test_engine.py::test_split_target_explicit_port_in_authority PASSED [ 50%]
tests/test_engine.py::test_split_target_bare_host_defaults_http PASSED   [ 51%]
tests/test_engine.py::test_parse_request_basic_fields PASSED             [ 51%]
tests/test_engine.py::test_parse_request_strips_hop_by_hop_and_host_and_content_length PASSED [ 52%]
tests/test_engine.py::test_parse_request_lowercases_header_names PASSED  [ 52%]
tests/test_engine.py::test_parse_request_rejects_empty PASSED            [ 53%]
tests/test_engine.py::test_parse_group_splits_requests_and_reads_delays PASSED [ 53%]
tests/test_engine.py::test_parse_group_rejects_empty PASSED              [ 54%]
tests/test_engine.py::test_h2_headers_pseudo_first_and_content_length PASSED [ 54%]
tests/test_engine.py::test_h2_headers_bodyless_has_no_content_length PASSED [ 55%]
tests/test_engine.py::test_h1_bytes_has_host_content_length_and_body PASSED [ 56%]
tests/test_engine.py::test_select_transport_explicit_prefer_is_returned_unchanged PASSED [ 56%]
tests/test_engine.py::test_single_packet_engine_blocks_out_of_scope_before_egress PASSED [ 57%]
tests/test_engine.py::test_last_byte_engine_blocks_out_of_scope_before_egress PASSED [ 57%]
tests/test_engine.py::test_select_transport_scope_checks_before_probe PASSED [ 58%]
tests/test_engine.py::test_run_single_endpoint_requires_two_copies PASSED [ 58%]
tests/test_findings.py::test_severity_and_confidence_tuples PASSED       [ 59%]
tests/test_findings.py::test_finding_defaults_cwe_362 PASSED             [ 59%]
tests/test_findings.py::test_finding_default_factories_are_independent PASSED [ 60%]
tests/test_findings.py::test_finding_rejects_bad_severity_and_confidence PASSED [ 60%]
tests/test_findings.py::test_evidence_carries_baseline_burst_counts_and_timing PASSED [ 61%]
tests/test_findings.py::test_to_dict_roundtrips_contract_fields PASSED   [ 62%]
tests/test_findings.py::test_to_sarif_is_dict_and_2_1_0 PASSED           [ 62%]
tests/test_findings.py::test_to_sarif_result_mapping PASSED              [ 63%]
tests/test_findings.py::test_to_sarif_severity_levels_span_the_enum PASSED [ 63%]
tests/test_findings.py::test_to_sarif_rules_deduped_by_vector_class PASSED [ 64%]
tests/test_findings.py::test_to_h1_maps_to_h1_finding PASSED             [ 64%]
tests/test_findings.py::test_to_h1md_renders_markdown PASSED             [ 65%]
tests/test_runner.py::TestRunSingleScenario::test_returns_scenario_result PASSED [ 65%]
tests/test_runner.py::TestRunSingleScenario::test_transport_h2_uses_single_packet_engine PASSED [ 66%]
tests/test_runner.py::TestRunSingleScenario::test_transport_h1_uses_last_byte_sync_engine PASSED [ 67%]
tests/test_runner.py::TestRunSingleScenario::test_scope_checked_before_burst PASSED [ 67%]
tests/test_runner.py::TestRunSingleScenario::test_no_findings_when_burst_clean PASSED [ 68%]
tests/test_runner.py::TestRunSingleScenario::test_finding_when_burst_has_excess_successes PASSED [ 68%]
tests/test_runner.py::TestRunSingleScenario::test_auto_fallback_h2_to_h1_on_transport_error PASSED [ 69%]
tests/test_runner.py::TestRunSingleScenario::test_transport_error_reraises_when_not_auto PASSED [ 69%]
tests/test_runner.py::TestRunSingleScenario::test_baseline_samples_zero_skips_baseline_client PASSED [ 70%]
tests/test_runner.py::TestRunSingleScenario::test_baseline_samples_gt_zero_calls_baseline_client PASSED [ 70%]
tests/test_runner.py::TestRunSingleScenario::test_result_carries_chosen_transport PASSED [ 71%]
tests/test_runner.py::TestRunGroupScenario::test_returns_scenario_result PASSED [ 71%]
tests/test_runner.py::TestRunGroupScenario::test_raises_transport_error_for_h1_target PASSED [ 72%]
tests/test_runner.py::TestRunGroupScenario::test_scope_enforced PASSED   [ 73%]
tests/test_runner.py::TestRunGroupScenario::test_auto_delay_overrides_request_delays PASSED [ 73%]
tests/test_runner.py::TestRunStateChainScenario::test_returns_state_chain_result PASSED [ 74%]
tests/test_runner.py::TestRunStateChainScenario::test_raises_for_fewer_than_2_endpoints PASSED [ 74%]
tests/test_runner.py::TestRunStateChainScenario::test_raises_transport_error_for_h1_target PASSED [ 75%]
tests/test_runner.py::TestRunStateChainScenario::test_scope_enforced PASSED [ 75%]
tests/test_runner.py::TestRunStateChainScenario::test_differential_response_produces_finding PASSED [ 76%]
tests/test_runner.py::TestRunStateChainScenario::test_result_labels_match_chain_input PASSED [ 76%]
tests/test_single_scenario.py::TestSingleCleanServer::test_exactly_one_success_no_finding PASSED [ 77%]
tests/test_single_scenario.py::TestSingleCleanServer::test_all_failures_no_finding PASSED [ 78%]
tests/test_single_scenario.py::TestSingleRaceConfirmed::test_two_successes_produces_finding PASSED [ 78%]
tests/test_single_scenario.py::TestSingleRaceConfirmed::test_finding_severity_is_high PASSED [ 79%]
tests/test_single_scenario.py::TestSingleRaceConfirmed::test_finding_target_matches_target_arg PASSED [ 79%]
tests/test_single_scenario.py::TestSingleRaceConfirmed::test_finding_vector_contains_path PASSED [ 80%]
tests/test_single_scenario.py::TestSingleRaceConfirmed::test_finding_id_default PASSED [ 80%]
tests/test_single_scenario.py::TestSingleRaceConfirmed::test_custom_finding_id PASSED [ 81%]
tests/test_single_scenario.py::TestSingleFinalStateGuard::test_final_state_within_limit_suppresses_finding PASSED [ 81%]
tests/test_single_scenario.py::TestSingleResultStructure::test_result_burst_matches_engine_output PASSED [ 82%]
tests/test_single_scenario.py::TestSingleResultStructure::test_result_baseline_empty_when_no_samples PASSED [ 82%]
tests/test_single_scenario.py::TestSingleResultStructure::test_analysis_is_not_none PASSED [ 83%]
tests/test_single_scenario.py::TestSingleViaCLI::test_cli_single_calls_run_single_scenario PASSED [ 84%]
tests/test_single_scenario.py::TestSingleViaCLI::test_cli_single_text_format_output PASSED [ 84%]
tests/test_socks5.py::test_parse_socks5_proxy_basic PASSED               [ 85%]
tests/test_socks5.py::test_parse_socks5_proxy_socks5h_scheme PASSED      [ 85%]
tests/test_socks5.py::test_parse_socks5_proxy_default_port PASSED        [ 86%]
tests/test_socks5.py::test_parse_socks5_proxy_rejects_http_scheme PASSED [ 86%]
tests/test_socks5.py::test_parse_socks5_proxy_rejects_missing_host PASSED [ 87%]
tests/test_socks5.py::test_socks5_tunnel_handshake_succeeds PASSED       [ 87%]
tests/test_socks5.py::test_socks5_tunnel_records_correct_port PASSED     [ 88%]
tests/test_socks5.py::test_socks5_tunnel_error_reply_raises_transport_error PASSED [ 89%]
tests/test_socks5.py::test_single_packet_engine_uses_socks5_proxy PASSED [ 89%]
tests/test_socks5.py::test_last_byte_engine_uses_socks5_proxy PASSED     [ 90%]
tests/test_socks5.py::test_single_packet_engine_invalid_proxy_scheme_raises PASSED [ 90%]
tests/test_socks5.py::test_proxy_does_not_bypass_scope_check PASSED      [ 91%]
tests/test_socks5.py::test_cli_single_proxy_option_parsed PASSED         [ 91%]
tests/test_socks5.py::test_cli_group_proxy_option_parsed PASSED          [ 92%]
tests/test_socks5.py::test_cli_proxy_defaults_to_none PASSED             [ 92%]
tests/test_state_chain.py::test_analyze_chain_within_window_no_differential PASSED [ 93%]
tests/test_state_chain.py::test_analyze_chain_exceeds_window PASSED      [ 93%]
tests/test_state_chain.py::test_analyze_chain_differential_response PASSED [ 94%]
tests/test_state_chain.py::test_analyze_chain_multiple_differentials PASSED [ 95%]
tests/test_state_chain.py::test_analyze_chain_default_expected_status_is_200 PASSED [ 95%]
tests/test_state_chain.py::test_analyze_chain_empty PASSED               [ 96%]
tests/test_state_chain.py::test_analyze_chain_single_endpoint PASSED     [ 96%]
tests/test_state_chain.py::test_analyze_chain_timing_fields PASSED       [ 97%]
tests/test_state_chain.py::test_per_endpoint_body_hash_prefix_truncated PASSED [ 97%]
tests/test_state_chain.py::test_build_chain_finding_no_differential_returns_none PASSED [ 98%]
tests/test_state_chain.py::test_build_chain_finding_with_differential PASSED [ 98%]
tests/test_state_chain.py::test_build_chain_finding_evidence_shape PASSED [ 99%]
tests/test_state_chain.py::test_build_chain_finding_custom_finding_id PASSED [100%]

====================== 182 passed, 15 deselected in 0.29s ======================
